V3 51
FL G:/Projects/ISE/ML507/DCT/RMIDCT/D1_IDCT8.vhd 2014/06/03.19:13:43 P.28xd
EN work/rm 1401815320 FL G:/Projects/ISE/ML507/DCT/RMIDCT/D1_IDCT8.vhd \
      PB ieee/std_logic_1164 1341906176
AR work/rm/structural 1401815321 \
      FL G:/Projects/ISE/ML507/DCT/RMIDCT/D1_IDCT8.vhd EN work/rm 1401815320 \
      AR work/reg8_32_en/structural 1401815309 AR work/stage3/structural 1401815311 \
      AR work/reg8_32/structural 1401815313 AR work/stage2/structural 1401815315 \
      AR work/stage1/structural 1401815317 AR work/stage0/structural 1401815319
FL G:/Projects/ISE/ML507/DCT/RMIDCT/reg8_32/reg8_32.vhd 2014/05/14.18:56:42 P.28xd
EN work/reg8_32 1401815312 \
      FL G:/Projects/ISE/ML507/DCT/RMIDCT/reg8_32/reg8_32.vhd \
      PB ieee/std_logic_1164 1341906176
AR work/reg8_32/structural 1401815313 \
      FL G:/Projects/ISE/ML507/DCT/RMIDCT/reg8_32/reg8_32.vhd EN work/reg8_32 1401815312 \
      AR work/reg32/Behavioral 1401815305
FL G:/Projects/ISE/ML507/DCT/RMIDCT/reg8_32/register/register.vhd 2014/05/14.16:36:42 P.28xd
EN work/reg32 1401815304 \
      FL G:/Projects/ISE/ML507/DCT/RMIDCT/reg8_32/register/register.vhd \
      PB ieee/std_logic_1164 1341906176
AR work/reg32/Behavioral 1401815305 \
      FL G:/Projects/ISE/ML507/DCT/RMIDCT/reg8_32/register/register.vhd \
      EN work/reg32 1401815304
FL G:/Projects/ISE/ML507/DCT/RMIDCT/reg8_32_en/reg32_en.vhd 2014/05/17.09:54:40 P.28xd
EN work/reg32_en 1401815306 \
      FL G:/Projects/ISE/ML507/DCT/RMIDCT/reg8_32_en/reg32_en.vhd \
      PB ieee/std_logic_1164 1341906176
AR work/reg32_en/Behavioral 1401815307 \
      FL G:/Projects/ISE/ML507/DCT/RMIDCT/reg8_32_en/reg32_en.vhd \
      EN work/reg32_en 1401815306
FL G:/Projects/ISE/ML507/DCT/RMIDCT/reg8_32_en/reg8_32_en.vhd 2014/05/17.15:51:39 P.28xd
EN work/reg8_32_en 1401815308 \
      FL G:/Projects/ISE/ML507/DCT/RMIDCT/reg8_32_en/reg8_32_en.vhd \
      PB ieee/std_logic_1164 1341906176
AR work/reg8_32_en/structural 1401815309 \
      FL G:/Projects/ISE/ML507/DCT/RMIDCT/reg8_32_en/reg8_32_en.vhd \
      EN work/reg8_32_en 1401815308 AR work/reg32_en/Behavioral 1401815307
FL G:/Projects/ISE/ML507/DCT/RMIDCT/stage0/stage0.vhd 2014/05/14.17:40:53 P.28xd
EN work/stage0 1401815318 FL G:/Projects/ISE/ML507/DCT/RMIDCT/stage0/stage0.vhd \
      PB ieee/std_logic_1164 1341906176
AR work/stage0/structural 1401815319 \
      FL G:/Projects/ISE/ML507/DCT/RMIDCT/stage0/stage0.vhd EN work/stage0 1401815318 \
      AR work/butterfly/structural 1401815299
FL G:/Projects/ISE/ML507/DCT/RMIDCT/stage1/stage1.vhd 2014/05/14.18:04:10 P.28xd
EN work/stage1 1401815316 FL G:/Projects/ISE/ML507/DCT/RMIDCT/stage1/stage1.vhd \
      PB ieee/std_logic_1164 1341906176
AR work/stage1/structural 1401815317 \
      FL G:/Projects/ISE/ML507/DCT/RMIDCT/stage1/stage1.vhd EN work/stage1 1401815316 \
      AR work/butterfly/structural 1401815299 AR work/rotate2/structural 1401815301
FL G:/Projects/ISE/ML507/DCT/RMIDCT/stage2/butterfly/butterfly.vhd 2014/05/14.16:04:43 P.28xd
EN work/butterfly 1401815298 \
      FL G:/Projects/ISE/ML507/DCT/RMIDCT/stage2/butterfly/butterfly.vhd \
      PB ieee/std_logic_1164 1341906176
AR work/butterfly/structural 1401815299 \
      FL G:/Projects/ISE/ML507/DCT/RMIDCT/stage2/butterfly/butterfly.vhd \
      EN work/butterfly 1401815298 AR work/AddSub/Behavioral 1401815295
FL G:/Projects/ISE/ML507/DCT/RMIDCT/stage2/rotate1/rotate1.vhd 2014/05/15.00:47:22 P.28xd
EN work/rotate1 1401815302 \
      FL G:/Projects/ISE/ML507/DCT/RMIDCT/stage2/rotate1/rotate1.vhd \
      PB ieee/std_logic_1164 1341906176
AR work/rotate1/structural 1401815303 \
      FL G:/Projects/ISE/ML507/DCT/RMIDCT/stage2/rotate1/rotate1.vhd \
      EN work/rotate1 1401815302 AR work/FPMul/Behavioral 1401815297 \
      AR work/AddSub/Behavioral 1401815295
FL G:/Projects/ISE/ML507/DCT/RMIDCT/stage2/rotate2/AddSubB/AddSub.vhd 2014/05/14.20:19:51 P.28xd
EN work/AddSub 1401815294 \
      FL G:/Projects/ISE/ML507/DCT/RMIDCT/stage2/rotate2/AddSubB/AddSub.vhd \
      PB ieee/std_logic_1164 1341906176 PB ieee/NUMERIC_STD 1341906182
AR work/AddSub/Behavioral 1401815295 \
      FL G:/Projects/ISE/ML507/DCT/RMIDCT/stage2/rotate2/AddSubB/AddSub.vhd \
      EN work/AddSub 1401815294 AR work/BShifter23_Right/rtl 1401815289 \
      AR work/encoder/rtl 1401815291 AR work/BShifter23_Left/rtl 1401815293
FL G:/Projects/ISE/ML507/DCT/RMIDCT/stage2/rotate2/AddSubB/BShifter23.vhd 2014/05/13.19:30:30 P.28xd
EN work/BShifter23_Right 1401815288 \
      FL G:/Projects/ISE/ML507/DCT/RMIDCT/stage2/rotate2/AddSubB/BShifter23.vhd \
      PB ieee/std_logic_1164 1341906176
AR work/BShifter23_Right/rtl 1401815289 \
      FL G:/Projects/ISE/ML507/DCT/RMIDCT/stage2/rotate2/AddSubB/BShifter23.vhd \
      EN work/BShifter23_Right 1401815288
FL G:/Projects/ISE/ML507/DCT/RMIDCT/stage2/rotate2/AddSubB/BShifter23_Left.vhd 2014/05/14.00:24:22 P.28xd
EN work/BShifter23_Left 1401815292 \
      FL G:/Projects/ISE/ML507/DCT/RMIDCT/stage2/rotate2/AddSubB/BShifter23_Left.vhd \
      PB ieee/std_logic_1164 1341906176
AR work/BShifter23_Left/rtl 1401815293 \
      FL G:/Projects/ISE/ML507/DCT/RMIDCT/stage2/rotate2/AddSubB/BShifter23_Left.vhd \
      EN work/BShifter23_Left 1401815292
FL G:/Projects/ISE/ML507/DCT/RMIDCT/stage2/rotate2/AddSubB/encoder.vhd 2014/05/14.00:33:44 P.28xd
EN work/encoder 1401815290 \
      FL G:/Projects/ISE/ML507/DCT/RMIDCT/stage2/rotate2/AddSubB/encoder.vhd \
      PB ieee/std_logic_1164 1341906176
AR work/encoder/rtl 1401815291 \
      FL G:/Projects/ISE/ML507/DCT/RMIDCT/stage2/rotate2/AddSubB/encoder.vhd \
      EN work/encoder 1401815290
FL G:/Projects/ISE/ML507/DCT/RMIDCT/stage2/rotate2/Multiplier/FPMul.vhd 2014/05/14.16:21:21 P.28xd
EN work/FPMul 1401815296 \
      FL G:/Projects/ISE/ML507/DCT/RMIDCT/stage2/rotate2/Multiplier/FPMul.vhd \
      PB ieee/std_logic_1164 1341906176 PB ieee/NUMERIC_STD 1341906182
AR work/FPMul/Behavioral 1401815297 \
      FL G:/Projects/ISE/ML507/DCT/RMIDCT/stage2/rotate2/Multiplier/FPMul.vhd \
      EN work/FPMul 1401815296
FL G:/Projects/ISE/ML507/DCT/RMIDCT/stage2/rotate2/rotate2.vhd 2014/05/14.16:28:56 P.28xd
EN work/rotate2 1401815300 \
      FL G:/Projects/ISE/ML507/DCT/RMIDCT/stage2/rotate2/rotate2.vhd \
      PB ieee/std_logic_1164 1341906176
AR work/rotate2/structural 1401815301 \
      FL G:/Projects/ISE/ML507/DCT/RMIDCT/stage2/rotate2/rotate2.vhd \
      EN work/rotate2 1401815300 AR work/FPMul/Behavioral 1401815297 \
      AR work/AddSub/Behavioral 1401815295
FL G:/Projects/ISE/ML507/DCT/RMIDCT/stage2/stage2.vhd 2014/05/15.01:05:55 P.28xd
EN work/stage2 1401815314 FL G:/Projects/ISE/ML507/DCT/RMIDCT/stage2/stage2.vhd \
      PB ieee/std_logic_1164 1341906176
AR work/stage2/structural 1401815315 \
      FL G:/Projects/ISE/ML507/DCT/RMIDCT/stage2/stage2.vhd EN work/stage2 1401815314 \
      AR work/rotate2/structural 1401815301 AR work/rotate1/structural 1401815303 \
      AR work/butterfly/structural 1401815299
FL G:/Projects/ISE/ML507/DCT/RMIDCT/stage3/stage3.vhd 2014/05/15.01:05:59 P.28xd
EN work/stage3 1401815310 FL G:/Projects/ISE/ML507/DCT/RMIDCT/stage3/stage3.vhd \
      PB ieee/std_logic_1164 1341906176
AR work/stage3/structural 1401815311 \
      FL G:/Projects/ISE/ML507/DCT/RMIDCT/stage3/stage3.vhd EN work/stage3 1401815310 \
      AR work/rotate1/structural 1401815303
