AR stage2 structural G:/Projects/ISE/ML507/DCT/RMDCT/stage2/stage2.vhd sub00/vhpl29 1401815702
EN butterfly NULL G:/Projects/ISE/ML507/DCT/RMDCT/stage2/butterfly/butterfly.vhd sub00/vhpl14 1401815687
AR bshifter23_right rtl G:/Projects/ISE/ML507/DCT/RMDCT/stage2/rotate2/AddSubB/BShifter23.vhd sub00/vhpl01 1401815674
AR stage0 structural G:/Projects/ISE/ML507/DCT/RMDCT/stage0/stage0.vhd sub00/vhpl23 1401815696
EN reg8_32_en NULL G:/Projects/ISE/ML507/DCT/RMDCT/reg8_32_en/reg8_32_en.vhd sub00/vhpl20 1401815693
AR bshifter23_left rtl G:/Projects/ISE/ML507/DCT/RMDCT/stage2/rotate2/AddSubB/BShifter23_Left.vhd sub00/vhpl05 1401815678
AR reg32 behavioral G:/Projects/ISE/ML507/DCT/RMDCT/reg8_32/register/register.vhd sub00/vhpl17 1401815690
EN bshifter23_right NULL G:/Projects/ISE/ML507/DCT/RMDCT/stage2/rotate2/AddSubB/BShifter23.vhd sub00/vhpl00 1401815673
AR butterfly structural G:/Projects/ISE/ML507/DCT/RMDCT/stage2/butterfly/butterfly.vhd sub00/vhpl15 1401815688
AR reg32_en behavioral G:/Projects/ISE/ML507/DCT/RMDCT/reg8_32_en/reg32_en.vhd sub00/vhpl19 1401815692
EN reg8_32 NULL G:/Projects/ISE/ML507/DCT/RMDCT/reg8_32/reg8_32.vhd sub00/vhpl24 1401815697
AR reg8_32_en structural G:/Projects/ISE/ML507/DCT/RMDCT/reg8_32_en/reg8_32_en.vhd sub00/vhpl21 1401815694
EN bshifter23_left NULL G:/Projects/ISE/ML507/DCT/RMDCT/stage2/rotate2/AddSubB/BShifter23_Left.vhd sub00/vhpl04 1401815677
AR rotate2 structural G:/Projects/ISE/ML507/DCT/RMDCT/stage2/rotate2/rotate2.vhd sub00/vhpl13 1401815686
AR addsub behavioral G:/Projects/ISE/ML507/DCT/RMDCT/stage2/rotate2/AddSubB/AddSub.vhd sub00/vhpl09 1401815682
EN reg32 NULL G:/Projects/ISE/ML507/DCT/RMDCT/reg8_32/register/register.vhd sub00/vhpl16 1401815689
EN rm NULL G:/Projects/ISE/ML507/DCT/RMDCT/D1_DCT8.vhd sub00/vhpl32 1401815705
AR rm structural G:/Projects/ISE/ML507/DCT/RMDCT/D1_DCT8.vhd sub00/vhpl33 1401815706
EN encoder NULL G:/Projects/ISE/ML507/DCT/RMDCT/stage2/rotate2/AddSubB/encoder.vhd sub00/vhpl02 1401815675
EN fpmul NULL G:/Projects/ISE/ML507/DCT/RMDCT/stage2/rotate2/Multiplier/FPMul.vhd sub00/vhpl06 1401815679
AR encoder rtl G:/Projects/ISE/ML507/DCT/RMDCT/stage2/rotate2/AddSubB/encoder.vhd sub00/vhpl03 1401815676
AR stage3 structural G:/Projects/ISE/ML507/DCT/RMDCT/stage3/stage3.vhd sub00/vhpl31 1401815704
EN addsub NULL G:/Projects/ISE/ML507/DCT/RMDCT/stage2/rotate2/AddSubB/AddSub.vhd sub00/vhpl08 1401815681
AR stage1 structural G:/Projects/ISE/ML507/DCT/RMDCT/stage1/stage1.vhd sub00/vhpl27 1401815700
AR reg8_32 structural G:/Projects/ISE/ML507/DCT/RMDCT/reg8_32/reg8_32.vhd sub00/vhpl25 1401815698
EN stage0 NULL G:/Projects/ISE/ML507/DCT/RMDCT/stage0/stage0.vhd sub00/vhpl22 1401815695
EN stage1 NULL G:/Projects/ISE/ML507/DCT/RMDCT/stage1/stage1.vhd sub00/vhpl26 1401815699
EN stage2 NULL G:/Projects/ISE/ML507/DCT/RMDCT/stage2/stage2.vhd sub00/vhpl28 1401815701
EN stage3 NULL G:/Projects/ISE/ML507/DCT/RMDCT/stage3/stage3.vhd sub00/vhpl30 1401815703
AR rotate1 structural G:/Projects/ISE/ML507/DCT/RMDCT/stage2/rotate1/rotate1.vhd sub00/vhpl11 1401815684
EN rotate1 NULL G:/Projects/ISE/ML507/DCT/RMDCT/stage2/rotate1/rotate1.vhd sub00/vhpl10 1401815683
EN rotate2 NULL G:/Projects/ISE/ML507/DCT/RMDCT/stage2/rotate2/rotate2.vhd sub00/vhpl12 1401815685
AR fpmul behavioral G:/Projects/ISE/ML507/DCT/RMDCT/stage2/rotate2/Multiplier/FPMul.vhd sub00/vhpl07 1401815680
EN reg32_en NULL G:/Projects/ISE/ML507/DCT/RMDCT/reg8_32_en/reg32_en.vhd sub00/vhpl18 1401815691
