V3 51
FL G:/Projects/ISE/ML507/DCT/RMDCT/D1_DCT8.vhd 2014/06/03.19:10:10 P.28xd
EN work/rm 1401815705 FL G:/Projects/ISE/ML507/DCT/RMDCT/D1_DCT8.vhd \
      PB ieee/std_logic_1164 1341906176
AR work/rm/structural 1401815706 \
      FL G:/Projects/ISE/ML507/DCT/RMDCT/D1_DCT8.vhd EN work/rm 1401815705 \
      AR work/reg8_32_en/structural 1401815694 AR work/stage0/structural 1401815696 \
      AR work/reg8_32/structural 1401815698 AR work/stage1/structural 1401815700 \
      AR work/stage2/structural 1401815702 AR work/stage3/structural 1401815704
FL G:/Projects/ISE/ML507/DCT/RMDCT/reg8_32/reg8_32.vhd 2014/05/14.18:56:42 P.28xd
EN work/reg8_32 1401815697 FL G:/Projects/ISE/ML507/DCT/RMDCT/reg8_32/reg8_32.vhd \
      PB ieee/std_logic_1164 1341906176
AR work/reg8_32/structural 1401815698 \
      FL G:/Projects/ISE/ML507/DCT/RMDCT/reg8_32/reg8_32.vhd EN work/reg8_32 1401815697 \
      AR work/reg32/Behavioral 1401815690
FL G:/Projects/ISE/ML507/DCT/RMDCT/reg8_32/register/register.vhd 2014/05/14.16:36:42 P.28xd
EN work/reg32 1401815689 \
      FL G:/Projects/ISE/ML507/DCT/RMDCT/reg8_32/register/register.vhd \
      PB ieee/std_logic_1164 1341906176
AR work/reg32/Behavioral 1401815690 \
      FL G:/Projects/ISE/ML507/DCT/RMDCT/reg8_32/register/register.vhd \
      EN work/reg32 1401815689
FL G:/Projects/ISE/ML507/DCT/RMDCT/reg8_32_en/reg32_en.vhd 2014/05/17.09:54:40 P.28xd
EN work/reg32_en 1401815691 \
      FL G:/Projects/ISE/ML507/DCT/RMDCT/reg8_32_en/reg32_en.vhd \
      PB ieee/std_logic_1164 1341906176
AR work/reg32_en/Behavioral 1401815692 \
      FL G:/Projects/ISE/ML507/DCT/RMDCT/reg8_32_en/reg32_en.vhd EN work/reg32_en 1401815691
FL G:/Projects/ISE/ML507/DCT/RMDCT/reg8_32_en/reg8_32_en.vhd 2014/05/17.15:51:39 P.28xd
EN work/reg8_32_en 1401815693 \
      FL G:/Projects/ISE/ML507/DCT/RMDCT/reg8_32_en/reg8_32_en.vhd \
      PB ieee/std_logic_1164 1341906176
AR work/reg8_32_en/structural 1401815694 \
      FL G:/Projects/ISE/ML507/DCT/RMDCT/reg8_32_en/reg8_32_en.vhd \
      EN work/reg8_32_en 1401815693 AR work/reg32_en/Behavioral 1401815692
FL G:/Projects/ISE/ML507/DCT/RMDCT/stage0/stage0.vhd 2014/05/14.17:40:53 P.28xd
EN work/stage0 1401815695 FL G:/Projects/ISE/ML507/DCT/RMDCT/stage0/stage0.vhd \
      PB ieee/std_logic_1164 1341906176
AR work/stage0/structural 1401815696 \
      FL G:/Projects/ISE/ML507/DCT/RMDCT/stage0/stage0.vhd EN work/stage0 1401815695 \
      AR work/butterfly/structural 1401815688
FL G:/Projects/ISE/ML507/DCT/RMDCT/stage1/stage1.vhd 2014/05/14.18:04:10 P.28xd
EN work/stage1 1401815699 FL G:/Projects/ISE/ML507/DCT/RMDCT/stage1/stage1.vhd \
      PB ieee/std_logic_1164 1341906176
AR work/stage1/structural 1401815700 \
      FL G:/Projects/ISE/ML507/DCT/RMDCT/stage1/stage1.vhd EN work/stage1 1401815699 \
      AR work/butterfly/structural 1401815688 AR work/rotate2/structural 1401815686
FL G:/Projects/ISE/ML507/DCT/RMDCT/stage2/butterfly/butterfly.vhd 2014/05/14.16:04:43 P.28xd
EN work/butterfly 1401815687 \
      FL G:/Projects/ISE/ML507/DCT/RMDCT/stage2/butterfly/butterfly.vhd \
      PB ieee/std_logic_1164 1341906176
AR work/butterfly/structural 1401815688 \
      FL G:/Projects/ISE/ML507/DCT/RMDCT/stage2/butterfly/butterfly.vhd \
      EN work/butterfly 1401815687 AR work/AddSub/Behavioral 1401815682
FL G:/Projects/ISE/ML507/DCT/RMDCT/stage2/rotate1/rotate1.vhd 2014/05/14.18:22:49 P.28xd
EN work/rotate1 1401815683 \
      FL G:/Projects/ISE/ML507/DCT/RMDCT/stage2/rotate1/rotate1.vhd \
      PB ieee/std_logic_1164 1341906176
AR work/rotate1/structural 1401815684 \
      FL G:/Projects/ISE/ML507/DCT/RMDCT/stage2/rotate1/rotate1.vhd \
      EN work/rotate1 1401815683 AR work/FPMul/Behavioral 1401815680 \
      AR work/AddSub/Behavioral 1401815682
FL G:/Projects/ISE/ML507/DCT/RMDCT/stage2/rotate2/AddSubB/AddSub.vhd 2014/05/14.20:19:51 P.28xd
EN work/AddSub 1401815681 \
      FL G:/Projects/ISE/ML507/DCT/RMDCT/stage2/rotate2/AddSubB/AddSub.vhd \
      PB ieee/std_logic_1164 1341906176 PB ieee/NUMERIC_STD 1341906182
AR work/AddSub/Behavioral 1401815682 \
      FL G:/Projects/ISE/ML507/DCT/RMDCT/stage2/rotate2/AddSubB/AddSub.vhd \
      EN work/AddSub 1401815681 AR work/BShifter23_Right/rtl 1401815674 \
      AR work/encoder/rtl 1401815676 AR work/BShifter23_Left/rtl 1401815678
FL G:/Projects/ISE/ML507/DCT/RMDCT/stage2/rotate2/AddSubB/BShifter23.vhd 2014/05/13.19:30:30 P.28xd
EN work/BShifter23_Right 1401815673 \
      FL G:/Projects/ISE/ML507/DCT/RMDCT/stage2/rotate2/AddSubB/BShifter23.vhd \
      PB ieee/std_logic_1164 1341906176
AR work/BShifter23_Right/rtl 1401815674 \
      FL G:/Projects/ISE/ML507/DCT/RMDCT/stage2/rotate2/AddSubB/BShifter23.vhd \
      EN work/BShifter23_Right 1401815673
FL G:/Projects/ISE/ML507/DCT/RMDCT/stage2/rotate2/AddSubB/BShifter23_Left.vhd 2014/05/14.00:24:22 P.28xd
EN work/BShifter23_Left 1401815677 \
      FL G:/Projects/ISE/ML507/DCT/RMDCT/stage2/rotate2/AddSubB/BShifter23_Left.vhd \
      PB ieee/std_logic_1164 1341906176
AR work/BShifter23_Left/rtl 1401815678 \
      FL G:/Projects/ISE/ML507/DCT/RMDCT/stage2/rotate2/AddSubB/BShifter23_Left.vhd \
      EN work/BShifter23_Left 1401815677
FL G:/Projects/ISE/ML507/DCT/RMDCT/stage2/rotate2/AddSubB/encoder.vhd 2014/05/14.00:33:44 P.28xd
EN work/encoder 1401815675 \
      FL G:/Projects/ISE/ML507/DCT/RMDCT/stage2/rotate2/AddSubB/encoder.vhd \
      PB ieee/std_logic_1164 1341906176
AR work/encoder/rtl 1401815676 \
      FL G:/Projects/ISE/ML507/DCT/RMDCT/stage2/rotate2/AddSubB/encoder.vhd \
      EN work/encoder 1401815675
FL G:/Projects/ISE/ML507/DCT/RMDCT/stage2/rotate2/Multiplier/FPMul.vhd 2014/05/14.16:21:21 P.28xd
EN work/FPMul 1401815679 \
      FL G:/Projects/ISE/ML507/DCT/RMDCT/stage2/rotate2/Multiplier/FPMul.vhd \
      PB ieee/std_logic_1164 1341906176 PB ieee/NUMERIC_STD 1341906182
AR work/FPMul/Behavioral 1401815680 \
      FL G:/Projects/ISE/ML507/DCT/RMDCT/stage2/rotate2/Multiplier/FPMul.vhd \
      EN work/FPMul 1401815679
FL G:/Projects/ISE/ML507/DCT/RMDCT/stage2/rotate2/rotate2.vhd 2014/05/14.16:28:56 P.28xd
EN work/rotate2 1401815685 \
      FL G:/Projects/ISE/ML507/DCT/RMDCT/stage2/rotate2/rotate2.vhd \
      PB ieee/std_logic_1164 1341906176
AR work/rotate2/structural 1401815686 \
      FL G:/Projects/ISE/ML507/DCT/RMDCT/stage2/rotate2/rotate2.vhd \
      EN work/rotate2 1401815685 AR work/FPMul/Behavioral 1401815680 \
      AR work/AddSub/Behavioral 1401815682
FL G:/Projects/ISE/ML507/DCT/RMDCT/stage2/stage2.vhd 2014/05/14.20:45:42 P.28xd
EN work/stage2 1401815701 FL G:/Projects/ISE/ML507/DCT/RMDCT/stage2/stage2.vhd \
      PB ieee/std_logic_1164 1341906176
AR work/stage2/structural 1401815702 \
      FL G:/Projects/ISE/ML507/DCT/RMDCT/stage2/stage2.vhd EN work/stage2 1401815701 \
      AR work/rotate2/structural 1401815686 AR work/rotate1/structural 1401815684 \
      AR work/butterfly/structural 1401815688
FL G:/Projects/ISE/ML507/DCT/RMDCT/stage3/stage3.vhd 2014/05/14.20:42:52 P.28xd
EN work/stage3 1401815703 FL G:/Projects/ISE/ML507/DCT/RMDCT/stage3/stage3.vhd \
      PB ieee/std_logic_1164 1341906176
AR work/stage3/structural 1401815704 \
      FL G:/Projects/ISE/ML507/DCT/RMDCT/stage3/stage3.vhd EN work/stage3 1401815703 \
      AR work/rotate1/structural 1401815684
